// Bun Snapshot v1, https://bun.sh/docs/test/snapshots

exports[`API contract snapshot major endpoints keep stable response shape 1`] = `
{
  "events_record": {
    "items": [
      {
        "card_type": "string",
        "content": "string",
        "content_dedupe_hash": "string",
        "created_at": "string",
        "dedupe_hash": "string",
        "event_id": "string",
        "event_type": "string",
        "id": "string",
        "memory_type": "string",
        "observation_type": "string",
        "platform": "string",
        "privacy_tags": [
          "empty",
        ],
        "project": "string",
        "session_id": "string",
        "tags": [
          "string",
        ],
        "title": "string",
        "ts": "string",
      },
    ],
    "meta": {
      "count": "number",
      "embedding_provider": "string",
      "embedding_provider_status": "string",
      "filters": {
        "event_type": "string",
        "project": "string",
        "session_id": "string",
      },
      "latency_ms": "number",
      "ranking": "string",
      "sla_latency_ms": "number",
      "vector_engine": "string",
      "write_durability": "string",
    },
    "ok": "boolean",
    "source": "string",
  },
  "finalize": {
    "items": [
      {
        "finalized_at": "string",
        "handoff": {
          "decisions": [
            "empty",
          ],
          "key_points": [
            "string",
          ],
          "latest_exchange": {
            "assistant": "null",
            "incomplete": "boolean",
            "user": "null",
          },
          "next_actions": [
            "empty",
          ],
          "observation_count": "number",
          "open_loops": [
            "empty",
          ],
          "overview": "string",
          "risks": [
            "empty",
          ],
        },
        "session_id": "string",
        "summary": "string",
        "summary_mode": "string",
      },
    ],
    "meta": {
      "count": "number",
      "filters": {
        "partial": "boolean",
        "persist_skill": "boolean",
        "platform": "string",
        "project": "string",
        "session_id": "string",
        "summary_mode": "string",
      },
      "latency_ms": "number",
      "ranking": "string",
      "sla_latency_ms": "number",
    },
    "ok": "boolean",
    "source": "string",
  },
  "health": {
    "items": [
      {
        "counts": {
          "events": "number",
          "observations": "number",
          "retry_queue": "number",
          "sessions": "number",
        },
        "fts_enabled": "boolean",
        "host": "string",
        "port": "number",
        "status": "string",
        "vector_engine": "string",
      },
    ],
    "meta": {
      "count": "number",
      "filters": {},
      "latency_ms": "number",
      "ranking": "string",
      "sla_latency_ms": "number",
    },
    "ok": "boolean",
    "source": "string",
  },
  "observations": {
    "items": [
      {
        "content": "string",
        "created_at": "string",
        "event_id": "string",
        "id": "string",
        "platform": "string",
        "privacy_tags": [
          "empty",
        ],
        "project": "string",
        "raw_text": "null",
        "session_id": "string",
        "tags": [
          "string",
        ],
        "title": "string",
        "updated_at": "string",
      },
    ],
    "meta": {
      "compact": "boolean",
      "count": "number",
      "filters": {
        "compact": "boolean",
        "ids": [
          "string",
        ],
        "include_private": "boolean",
      },
      "latency_ms": "number",
      "ranking": "string",
      "sla_latency_ms": "number",
      "token_estimate": {
        "estimated_input_tokens": "number",
        "estimated_output_tokens": "number",
        "estimated_total_tokens": "number",
        "strategy": "string",
      },
      "warnings": [
        "empty",
      ],
    },
    "ok": "boolean",
    "source": "string",
  },
  "projects_stats": {
    "items": [
      {
        "canonical_project": "string",
        "member_projects": [
          "string",
        ],
        "observations": "number",
        "project": "string",
        "sessions": "number",
        "updated_at": "string",
      },
    ],
    "meta": {
      "count": "number",
      "filters": {
        "include_private": "boolean",
      },
      "latency_ms": "number",
      "ranking": "string",
      "sla_latency_ms": "number",
    },
    "ok": "boolean",
    "source": "string",
  },
  "resume_pack": {
    "items": [
      {
        "ended_at": "string",
        "id": "string",
        "session_id": "string",
        "summary": "string",
        "type": "string",
      },
    ],
    "meta": {
      "compacted_count": "number",
      "compaction_ratio": "number",
      "continuity_briefing": {
        "anchor_count": "number",
        "cache_hint": "string",
        "cited_item_ids": [
          "empty",
        ],
        "content": "string",
        "includes_latest_interaction": "boolean",
        "includes_summary": "boolean",
        "latest_turn_at": "string",
        "source_scope": "string",
        "source_session_id": "string",
      },
      "correlation_id": "null",
      "count": "number",
      "detailed_count": "number",
      "dynamic_section": {
        "cache_hint": "string",
        "content": "string",
        "observation_count": "number",
      },
      "filters": {
        "include_private": "boolean",
        "limit": "number",
        "project": "string",
        "session_id": "string",
      },
      "include_summary": "boolean",
      "latency_ms": "number",
      "ranking": "string",
      "resume_pack_max_tokens": "number",
      "sla_latency_ms": "number",
      "wake_up_context": {
        "conventions": [
          "empty",
        ],
        "detail_level": "string",
        "expiring_soon": [
          "empty",
        ],
        "pending_count": "number",
        "project": "string",
        "recent_decisions": [
          "empty",
        ],
        "recent_observations": [
          "string",
        ],
        "tech_stack": [
          "empty",
        ],
        "token_estimate": "number",
      },
    },
    "ok": "boolean",
    "source": "string",
  },
  "search": {
    "items": [
      {
        "access_count": "number",
        "content": "string",
        "created_at": "string",
        "decay_tier": "string",
        "event_id": "string",
        "id": "string",
        "memory_type": "string",
        "observation_type": "string",
        "platform": "string",
        "privacy_tags": [
          "empty",
        ],
        "project": "string",
        "reason": "string",
        "scores": {
          "final": "number",
          "graph": "number",
          "importance": "number",
          "lexical": "number",
          "recency": "number",
          "rerank": "number",
          "tag_boost": "number",
          "vector": "number",
        },
        "session_id": "string",
        "tags": [
          "string",
        ],
        "title": "string",
      },
    ],
    "meta": {
      "candidate_counts": {
        "final": "number",
        "graph": "number",
        "lexical": "number",
        "vector": "number",
      },
      "compiled": {
        "cross_session": "boolean",
        "evidence_count": "number",
        "platforms": [
          "string",
        ],
        "privacy_excluded": "number",
        "projects": [
          "string",
        ],
        "question_kind": "string",
        "time_span": {
          "newest": "string",
          "oldest": "string",
        },
      },
      "count": "number",
      "embedding_provider": "string",
      "embedding_provider_status": "string",
      "filters": {
        "debug": "boolean",
        "expand_links": "boolean",
        "include_expired": "boolean",
        "include_private": "boolean",
        "limit": "number",
        "project": "string",
        "query": "string",
        "strict_project": "boolean",
      },
      "fts_enabled": "boolean",
      "graph_candidates": "number",
      "latency_ms": "number",
      "latest_interaction": {
        "incomplete": "boolean",
        "latest_turn_at": "string",
        "platform": "string",
        "project": "string",
        "prompt": {
          "content": "string",
          "created_at": "string",
          "event_id": "string",
          "id": "string",
          "platform": "string",
          "project": "string",
          "session_id": "string",
          "title": "string",
        },
        "response": "null",
        "scope": "string",
        "session_id": "string",
      },
      "lexical_candidates": "number",
      "llm_rerank": "boolean",
      "question_kind": "string",
      "question_kind_confidence": "number",
      "ranking": "string",
      "sla_latency_ms": "number",
      "token_estimate": {
        "estimated_input_tokens": "number",
        "estimated_output_tokens": "number",
        "estimated_total_tokens": "number",
        "strategy": "string",
      },
      "vector_candidates": "number",
      "vector_coverage": "number",
      "vector_engine": "string",
      "vector_model": "string",
    },
    "no_memory": "boolean",
    "no_memory_reason": "string",
    "ok": "boolean",
    "source": "string",
  },
  "search_facets": {
    "items": [
      {
        "event_types": [
          {
            "count": "number",
            "value": "string",
          },
        ],
        "projects": [
          {
            "count": "number",
            "value": "string",
          },
        ],
        "query": "string",
        "tags": [
          {
            "count": "number",
            "value": "string",
          },
        ],
        "time_buckets": [
          {
            "count": "number",
            "value": "string",
          },
        ],
        "total_candidates": "number",
      },
    ],
    "meta": {
      "count": "number",
      "filters": {
        "include_private": "boolean",
        "project": "string",
        "query": "string",
      },
      "latency_ms": "number",
      "ranking": "string",
      "sla_latency_ms": "number",
    },
    "ok": "boolean",
    "source": "string",
  },
  "sessions_list": {
    "items": [
      {
        "canonical_project": "string",
        "counts": {
          "checkpoints": "number",
          "observations": "number",
          "prompts": "number",
          "summaries": "number",
          "tools": "number",
        },
        "ended_at": "string",
        "last_event_at": "string",
        "platform": "string",
        "project": "string",
        "session_id": "string",
        "started_at": "string",
        "summary": "string",
        "summary_mode": "string",
        "updated_at": "string",
      },
    ],
    "meta": {
      "count": "number",
      "filters": {
        "include_private": "boolean",
        "limit": "number",
        "project": "string",
      },
      "latency_ms": "number",
      "ranking": "string",
      "sla_latency_ms": "number",
    },
    "ok": "boolean",
    "source": "string",
  },
  "sessions_thread": {
    "items": [
      {
        "canonical_project": "string",
        "content": "string",
        "created_at": "string",
        "event_id": "string",
        "event_type": "string",
        "id": "string",
        "platform": "string",
        "privacy_tags": [
          "empty",
        ],
        "project": "string",
        "session_id": "string",
        "step": "number",
        "tags": [
          "string",
        ],
        "title": "string",
      },
    ],
    "meta": {
      "count": "number",
      "filters": {
        "include_private": "boolean",
        "project": "string",
        "session_id": "string",
      },
      "latency_ms": "number",
      "ranking": "string",
      "sla_latency_ms": "number",
    },
    "ok": "boolean",
    "source": "string",
  },
  "timeline": {
    "items": [
      {
        "content": "string",
        "created_at": "string",
        "id": "string",
        "position": "string",
        "privacy_tags": [
          "empty",
        ],
        "tags": [
          "string",
        ],
        "title": "string",
      },
    ],
    "meta": {
      "center_id": "string",
      "count": "number",
      "filters": {
        "after": "number",
        "before": "number",
        "id": "string",
        "include_private": "boolean",
      },
      "latency_ms": "number",
      "ranking": "string",
      "sla_latency_ms": "number",
      "token_estimate": {
        "estimated_input_tokens": "number",
        "estimated_output_tokens": "number",
        "estimated_total_tokens": "number",
        "strategy": "string",
      },
    },
    "ok": "boolean",
    "source": "string",
  },
}
`;
